// Jest Snapshot v1, https://goo.gl/fbAQLP

exports[`hides its child if direction is backward 1`] = `null`;

exports[`shows its child if direction changed to forward 1`] = `
<View
  style={
    Object {
      "bottom": 0,
      "left": 0,
      "position": "absolute",
      "right": 0,
      "top": 0,
    }
  }
>
  <Text
    testID="child"
  >
    I should be rendered
  </Text>
</View>
`;

exports[`shows its child if direction is forward 1`] = `
<View
  style={
    Object {
      "bottom": 0,
      "left": 0,
      "position": "absolute",
      "right": 0,
      "top": 0,
    }
  }
>
  <Text
    testID="child"
  >
    I should be rendered
  </Text>
</View>
`;

exports[`snapshots component when direction changed to backward 1`] = `null`;
